// Jest Snapshot v1, https://goo.gl/fbAQLP

exports[`render react title 1`] = `
<div
  className="App"
>
  <div>
    <h1>
      mahesh kakad
    </h1>
    <ul>
      <li>
        m
      </li>
      <li>
        ds
      </li>
      <li>
        dsd
      </li>
      <li>
        dsd
      </li>
      <li>
        dsd
      </li>
    </ul>
  </div>
  <h1>
    mahesh
  </h1>
  <h4>
    parent
  </h4>
</div>
`;
